// Jest Snapshot v1, https://goo.gl/fbAQLP

exports[`CartItems renders Cart Screen Correctly 1`] = `
<div
  className="Main-container"
>
  <div
    className="Adress-container"
  >
    <Address />
  </div>
  <div
    className="Cart-container"
  >
    <div>
      <Cart />
    </div>
  </div>
</div>
`;
