// Jest Snapshot v1, https://goo.gl/fbAQLP

exports[`Address renders address component correctly 1`] = `
<div
  className="Address-sub-conatiner"
>
  <p
    className="Heading"
  >
    Shipping Address:
  </p>
  <textarea
    className="Address-box"
  />
  <div>
    <button
      className="Address-buttons"
    >
      Save Address
    </button>
    <button
      className="Address-buttons"
    >
      Edit Address
    </button>
  </div>
</div>
`;
